            --------------------------------------------------------
                             AMBER SQM VERSION 19
 
                                     By
              Ross C. Walker, Michael F. Crowley, Scott Brozell,
                         Tim Giese, Andreas W. Goetz,
                        Tai-Sung Lee and David A. Case
 
            --------------------------------------------------------
 

--------------------------------------------------------------------------------
  QM CALCULATION INFO
--------------------------------------------------------------------------------

| QMMM: Citation for AMBER QMMM Run:
| QMMM: R.C. Walker, M.F. Crowley and D.A. Case, J. COMP. CHEM. 29:1019, 2008

QMMM: SINGLET STATE CALCULATION
QMMM: RHF CALCULATION, NO. OF DOUBLY OCCUPIED LEVELS = 82

| QMMM: *** Selected Hamiltonian *** 
| QMMM: AM1         

| QMMM: *** Parameter sets in use ***
| QMMM: Cl: M.J.S.DEWAR et al. THEOCHEM, 180, 1, (1988)
| QMMM: F : M.J.S.DEWAR et al. THEOCHEM, 180, 1, (1988)
| QMMM: O : M.J.S.DEWAR et al. JACS, 107, 3902, (1985)
| QMMM: N : M.J.S.DEWAR et al. JACS, 107, 3902, (1985)
| QMMM: C : M.J.S.DEWAR et al. JACS, 107, 3902, (1985)
| QMMM: H : M.J.S.DEWAR et al. JACS, 107, 3902, (1985)

| QMMM: *** SCF convergence criteria ***
| QMMM: Energy change                :  0.1D-09 kcal/mol
| QMMM: Error matrix |FP-PF|         :  0.1D+00 au
| QMMM: Density matrix change        :  0.5D-06
| QMMM: Maximum number of SCF cycles :     1000

| QMMM: *** Diagonalization Routine Information ***
| QMMM: Pseudo diagonalizations are allowed.
| QMMM: Auto diagonalization routine selection is in use.
| QMMM:
| QMMM: Timing diagonalization routines:
| QMMM:                              norbs =      148
| QMMM:    diag iterations used for timing =       10
| QMMM:
| QMMM:              Internal diag routine = 0.072374 seconds
| QMMM:                 Dspev diag routine = 0.136837 seconds
| QMMM:                Dspevd diag routine = 0.048274 seconds
| QMMM:                Dspevx diag routine = 0.175724 seconds
| QMMM:                 Dsyev diag routine = 0.080540 seconds
| QMMM:                Dsyevd diag routine = 0.026588 seconds
| QMMM:                Dsyevr diag routine = 0.035889 seconds
| QMMM:
| QMMM:                Pseudo diag routine = 0.030790 seconds
| QMMM: Pseudo diagonalization appears to be slower than regular
| QMMM: diagonalization. Setting pseudo_diag=0 for optimum performance.
| QMMM:
| QMMM: Using dsyevd routine (diag_routine=6).

  QMMM: QM Region Cartesian Coordinates (*=link atom) 
  QMMM: QM_NO.   MM_NO.  ATOM         X         Y         Z
  QMMM:     1        1      Cl      -5.7630    0.4150    2.1810
  QMMM:     2        2      F       -6.5280   -0.4440   -0.5650
  QMMM:     3        3      O       -1.6560    3.9170   -1.2810
  QMMM:     4        4      O        3.5260    0.9390    0.8720
  QMMM:     5        5      O        5.2350   -1.0050   -0.2540
  QMMM:     6        6      N        0.8120    3.1890    0.0690
  QMMM:     7        7      N       -1.1400   -1.1250    0.6050
  QMMM:     8        8      N        1.5710   -3.9310   -0.8200
  QMMM:     9        9      N       -0.6680   -3.2670   -0.3260
  QMMM:    10       10      C        1.8880    3.4400    1.0410
  QMMM:    11       11      C       -0.5070    3.1500    0.7420
  QMMM:    12       12      C        0.7620    4.2130   -0.9970
  QMMM:    13       13      C        3.3030    3.2940    0.4530
  QMMM:    14       14      C       -1.6370    2.9010   -0.2710
  QMMM:    15       15      C       -0.3980    3.9440   -1.9680
  QMMM:    16       16      C        3.5570    1.9220   -0.1710
  QMMM:    17       17      C        3.0490   -0.2530    0.4050
  QMMM:    18       18      C        1.1540   -1.7460    0.0820
  QMMM:    19       19      C        1.6850   -0.5030    0.5010
  QMMM:    20       20      C        3.8970   -1.2390   -0.0830
  QMMM:    21       21      C        2.0120   -2.7360   -0.4160
  QMMM:    22       22      C        3.3730   -2.4620   -0.5020
  QMMM:    23       23      C       -0.2150   -2.0740    0.0980
  QMMM:    24       24      C       -2.5170   -1.0290    0.3240
  QMMM:    25       25      C        0.2500   -4.1400   -0.7500
  QMMM:    26       26      C        5.9410   -1.2650    0.9580
  QMMM:    27       27      C       -3.3780   -0.4580    1.2730
  QMMM:    28       28      C       -3.0410   -1.3670   -0.9330
  QMMM:    29       29      C       -4.7330   -0.2710    0.9840
  QMMM:    30       30      C       -4.3940   -1.1720   -1.2280
  QMMM:    31       31      C       -5.2330   -0.6280   -0.2640
  QMMM:    32       32      H        1.7850    4.4400    1.4810
  QMMM:    33       33      H        1.7960    2.7270    1.8690
  QMMM:    34       34      H       -0.5240    2.3480    1.4890
  QMMM:    35       35      H       -0.6910    4.1010    1.2590
  QMMM:    36       36      H        0.6360    5.2090   -0.5520
  QMMM:    37       37      H        1.6900    4.2130   -1.5760
  QMMM:    38       38      H        3.4920    4.0770   -0.2890
  QMMM:    39       39      H        4.0180    3.4520    1.2690
  QMMM:    40       40      H       -1.5350    1.9190   -0.7470
  QMMM:    41       41      H       -2.6050    2.9250    0.2400
  QMMM:    42       42      H       -0.4450    4.7420   -2.7170
  QMMM:    43       43      H       -0.2560    2.9960   -2.5020
  QMMM:    44       44      H        2.8310    1.7200   -0.9680
  QMMM:    45       45      H        4.5580    1.9090   -0.6170
  QMMM:    46       46      H        1.0360    0.2840    0.8740
  QMMM:    47       47      H        4.0410   -3.2190   -0.9070
  QMMM:    48       48      H       -0.9120   -0.9300    1.5750
  QMMM:    49       49      H       -0.1090   -5.1130   -1.0690
  QMMM:    50       50      H       -2.9990   -0.1620    2.2470
  QMMM:    51       51      H       -2.3920   -1.7730   -1.7060
  QMMM:    52       52      H        6.9930   -1.0110    0.7920
  QMMM:    53       53      H        5.5720   -0.6490    1.7850
  QMMM:    54       54      H        5.8850   -2.3270    1.2190
  QMMM:    55       55      H       -4.7900   -1.4340   -2.2040

--------------------------------------------------------------------------------
  RESULTS
--------------------------------------------------------------------------------

      iter         sqm energy              rms gradient
      ----    -------------------    -----------------------
xmin    10      -62.6621 kcal/mol        0.6645 kcal/(mol*A)
xmin    20      -64.4863 kcal/mol        0.4126 kcal/(mol*A)
xmin    30      -64.9025 kcal/mol        0.2251 kcal/(mol*A)
xmin    40      -65.0484 kcal/mol        0.1023 kcal/(mol*A)
xmin    50      -65.0810 kcal/mol        0.1200 kcal/(mol*A)
xmin    60      -65.0902 kcal/mol        0.0585 kcal/(mol*A)
xmin    70      -65.0988 kcal/mol        0.0536 kcal/(mol*A)
xmin    80      -65.1252 kcal/mol        0.0639 kcal/(mol*A)
xmin    90      -65.1335 kcal/mol        0.0339 kcal/(mol*A)
xmin   100      -65.1411 kcal/mol        0.0232 kcal/(mol*A)
xmin   110      -65.1476 kcal/mol        0.0239 kcal/(mol*A)
xmin   120      -65.1481 kcal/mol        0.0231 kcal/(mol*A)
xmin   130      -65.1509 kcal/mol        0.0110 kcal/(mol*A)
xmin   140      -65.1514 kcal/mol        0.0065 kcal/(mol*A)
xmin   150      -65.1526 kcal/mol        0.0104 kcal/(mol*A)
xmin   160      -65.1527 kcal/mol        0.0038 kcal/(mol*A)
xmin   170      -65.1528 kcal/mol        0.0018 kcal/(mol*A)
xmin   180      -65.1528 kcal/mol        0.0079 kcal/(mol*A)
xmin   190      -65.1528 kcal/mol        0.0021 kcal/(mol*A)
xmin   200      -65.1528 kcal/mol        0.0042 kcal/(mol*A)
xmin   210      -65.1528 kcal/mol        0.0017 kcal/(mol*A)
xmin   220      -65.1529 kcal/mol        0.0012 kcal/(mol*A)
xmin   230      -65.1529 kcal/mol        0.0018 kcal/(mol*A)
xmin   240      -65.1529 kcal/mol        0.0026 kcal/(mol*A)
xmin   250      -65.1530 kcal/mol        0.0025 kcal/(mol*A)
xmin   260      -65.1530 kcal/mol        0.0082 kcal/(mol*A)
xmin   270      -65.1531 kcal/mol        0.0076 kcal/(mol*A)
xmin   280      -65.1532 kcal/mol        0.0056 kcal/(mol*A)
xmin   290      -65.1533 kcal/mol        0.0050 kcal/(mol*A)
xmin   300      -65.1535 kcal/mol        0.0070 kcal/(mol*A)
xmin   310      -65.1536 kcal/mol        0.0133 kcal/(mol*A)
xmin   320      -65.1539 kcal/mol        0.0075 kcal/(mol*A)
xmin   330      -65.1554 kcal/mol        0.0420 kcal/(mol*A)
xmin   340      -65.2364 kcal/mol        0.0840 kcal/(mol*A)
xmin   350      -65.2429 kcal/mol        0.1890 kcal/(mol*A)
xmin   360      -65.2712 kcal/mol        0.3918 kcal/(mol*A)
xmin   370      -65.2980 kcal/mol        0.2591 kcal/(mol*A)
xmin   380      -65.3136 kcal/mol        0.0824 kcal/(mol*A)
xmin   390      -65.3225 kcal/mol        0.0363 kcal/(mol*A)
xmin   400      -65.3495 kcal/mol        0.0533 kcal/(mol*A)
xmin   410      -65.3556 kcal/mol        0.1283 kcal/(mol*A)
xmin   420      -65.3587 kcal/mol        0.0221 kcal/(mol*A)
xmin   430      -65.3657 kcal/mol        0.0296 kcal/(mol*A)
xmin   440      -65.3686 kcal/mol        0.0275 kcal/(mol*A)
xmin   450      -65.3720 kcal/mol        0.0235 kcal/(mol*A)
xmin   460      -65.3735 kcal/mol        0.0517 kcal/(mol*A)
xmin   470      -65.3756 kcal/mol        0.0186 kcal/(mol*A)
xmin   480      -65.3764 kcal/mol        0.0035 kcal/(mol*A)
xmin   490      -65.3765 kcal/mol        0.0037 kcal/(mol*A)
xmin   500      -65.3766 kcal/mol        0.0031 kcal/(mol*A)
xmin   510      -65.3766 kcal/mol        0.0027 kcal/(mol*A)
xmin   520      -65.3766 kcal/mol        0.0053 kcal/(mol*A)
xmin   530      -65.3767 kcal/mol        0.0027 kcal/(mol*A)
xmin   540      -65.3767 kcal/mol        0.0026 kcal/(mol*A)
xmin   550      -65.3768 kcal/mol        0.0022 kcal/(mol*A)
xmin   560      -65.3768 kcal/mol        0.0012 kcal/(mol*A)
xmin   570      -65.3768 kcal/mol        0.0012 kcal/(mol*A)
  ... geometry converged !
 
 Final MO eigenvalues (eV):
 -49.7731  -41.6165  -40.7339  -40.4287  -39.7252  -38.9332  -38.0023  -37.4385
 -36.7587  -36.4424  -33.6141  -33.2573  -32.1199  -31.8890  -31.5914  -30.4200
 -29.4285  -28.7855  -27.5945  -26.1091  -25.3744  -25.0569  -24.7152  -24.1297
 -23.7544  -22.5789  -22.0819  -21.0118  -20.2799  -19.8685  -19.0001  -18.6388
 -18.4507  -17.9232  -17.6661  -17.4779  -17.3795  -16.9642  -16.7782  -16.6354
 -16.5532  -16.3631  -16.3340  -16.1630  -15.9795  -15.7778  -15.5535  -15.3536
 -15.2207  -15.1636  -15.0815  -15.0409  -14.6068  -14.4285  -14.2705  -14.1794
 -14.0492  -13.6966  -13.4818  -13.4214  -13.2767  -13.0332  -12.7174  -12.6258
 -12.5620  -12.4974  -12.4760  -12.2970  -12.1296  -12.0966  -12.0064  -11.8692
 -11.6768  -11.0957  -10.8837  -10.8303  -10.5538  -10.0684   -9.7789   -9.6911
  -9.4489   -8.7980   -0.8843   -0.5128   -0.2217   -0.1633    0.6303    1.0311
   1.4627    1.5391    2.1765    2.2172    2.3271    2.4524    2.8030    2.8139
   2.8486    2.9222    3.1005    3.2087    3.2437    3.3438    3.3969    3.4764
   3.5108    3.5243    3.5964    3.6259    3.6278    3.7289    3.7638    3.7815
   3.8452    3.8722    3.9955    4.0368    4.0669    4.1317    4.1621    4.2126
   4.2269    4.2282    4.2415    4.2787    4.3108    4.3572    4.4082    4.4367
   4.4822    4.4880    4.5647    4.6100    4.6309    4.6618    4.8614    4.8900
   4.9985    5.0568    5.2457    5.4324    5.5925    5.6933    5.6954    5.8474
   5.8981    5.9601    6.2423    6.9544

 Heat of formation   =        -65.37676570 kcal/mol  (       -2.83494930 eV)

 Total SCF energy    =    -133601.38448768 kcal/mol  (    -5793.39076743 eV)
 Electronic energy   =   -1068680.98455884 kcal/mol  (   -46341.48495550 eV)
 Core-core repulsion =     935079.60007116 kcal/mol  (    40548.09418807 eV)
 
    Atomic Charges for Step       1 :
  Atom    Element       Mulliken Charge
     1      Cl                 0.011
     2      F                 -0.090
     3      O                 -0.265
     4      O                 -0.229
     5      O                 -0.218
     6      N                 -0.258
     7      N                 -0.247
     8      N                 -0.181
     9      N                 -0.242
    10      C                 -0.073
    11      C                 -0.111
    12      C                 -0.111
    13      C                 -0.166
    14      C                 -0.024
    15      C                 -0.026
    16      C                 -0.016
    17      C                  0.034
    18      C                 -0.150
    19      C                 -0.133
    20      C                  0.076
    21      C                  0.042
    22      C                 -0.121
    23      C                  0.175
    24      C                  0.053
    25      C                  0.005
    26      C                 -0.074
    27      C                 -0.150
    28      C                 -0.086
    29      C                 -0.082
    30      C                 -0.145
    31      C                  0.087
    32      H                  0.060
    33      H                  0.104
    34      H                  0.093
    35      H                  0.071
    36      H                  0.069
    37      H                  0.095
    38      H                  0.092
    39      H                  0.101
    40      H                  0.067
    41      H                  0.113
    42      H                  0.111
    43      H                  0.079
    44      H                  0.097
    45      H                  0.085
    46      H                  0.156
    47      H                  0.172
    48      H                  0.232
    49      H                  0.192
    50      H                  0.147
    51      H                  0.164
    52      H                  0.102
    53      H                  0.091
    54      H                  0.069
    55      H                  0.157
 Total Mulliken Charge =       0.000
 
                  X        Y        Z     TOTAL  
  QM DIPOLE     2.798    3.350    0.653    4.414
 
 Final Structure

  QMMM: QM Region Cartesian Coordinates (*=link atom) 
  QMMM: QM_NO.   MM_NO.  ATOM         X         Y         Z
  QMMM:     1        1      Cl      -5.6163    0.7227    1.4491
  QMMM:     2        2      F       -6.7273   -1.0973   -0.6841
  QMMM:     3        3      O       -1.6876    4.2932   -0.1815
  QMMM:     4        4      O        3.6935    0.8508    0.3123
  QMMM:     5        5      O        5.3083   -1.4333    0.1459
  QMMM:     6        6      N        0.9491    3.2620    0.3435
  QMMM:     7        7      N       -1.1532   -0.8998   -0.4011
  QMMM:     8        8      N        1.4306   -4.2231   -0.2539
  QMMM:     9        9      N       -0.8021   -3.2636   -0.4256
  QMMM:    10       10      C        2.2827    3.3846    0.9213
  QMMM:    11       11      C       -0.0746    3.3311    1.3830
  QMMM:    12       12      C        0.6988    4.2210   -0.7261
  QMMM:    13       13      C        3.4377    3.1889   -0.0547
  QMMM:    14       14      C       -1.4973    3.2988    0.8157
  QMMM:    15       15      C       -0.7444    4.1773   -1.2400
  QMMM:    16       16      C        3.4438    1.8253   -0.7175
  QMMM:    17       17      C        3.0929   -0.3782    0.1015
  QMMM:    18       18      C        1.1335   -1.7842   -0.1543
  QMMM:    19       19      C        1.7225   -0.5075   -0.0301
  QMMM:    20       20      C        3.9276   -1.5361    0.1263
  QMMM:    21       21      C        1.9626   -2.9503   -0.1326
  QMMM:    22       22      C        3.3735   -2.7958    0.0220
  QMMM:    23       23      C       -0.3066   -2.0117   -0.3152
  QMMM:    24       24      C       -2.5616   -1.0016   -0.4438
  QMMM:    25       25      C        0.1091   -4.2938   -0.3920
  QMMM:    26       26      C        5.8427   -0.8906    1.3548
  QMMM:    27       27      C       -3.3397   -0.2232    0.4388
  QMMM:    28       28      C       -3.2154   -1.8022   -1.4052
  QMMM:    29       29      C       -4.7327   -0.2404    0.3657
  QMMM:    30       30      C       -4.6004   -1.8281   -1.4696
  QMMM:    31       31      C       -5.3786   -1.0509   -0.5907
  QMMM:    32       32      H        2.4222    4.3897    1.4208
  QMMM:    33       33      H        2.3682    2.5886    1.7168
  QMMM:    34       34      H        0.0633    2.4415    2.0584
  QMMM:    35       35      H        0.0344    4.2631    2.0114
  QMMM:    36       36      H        0.9305    5.2766   -0.3997
  QMMM:    37       37      H        1.3827    3.9629   -1.5822
  QMMM:    38       38      H        3.4201    3.9696   -0.8586
  QMMM:    39       39      H        4.3883    3.3171    0.5287
  QMMM:    40       40      H       -1.7318    2.2867    0.3886
  QMMM:    41       41      H       -2.2394    3.5581    1.6159
  QMMM:    42       42      H       -0.9483    5.0659   -1.8933
  QMMM:    43       43      H       -0.9345    3.2291   -1.8090
  QMMM:    44       44      H        2.4783    1.6239   -1.2466
  QMMM:    45       45      H        4.2934    1.7473   -1.4486
  QMMM:    46       46      H        1.1176    0.4134   -0.0476
  QMMM:    47       47      H        4.0224   -3.6865    0.0366
  QMMM:    48       48      H       -0.8136   -0.0787    0.0560
  QMMM:    49       49      H       -0.3382   -5.3066   -0.4882
  QMMM:    50       50      H       -2.8553    0.4139    1.1972
  QMMM:    51       51      H       -2.6354   -2.4163   -2.1127
  QMMM:    52       52      H        6.9452   -0.8748    1.1654
  QMMM:    53       53      H        5.4526    0.1405    1.5323
  QMMM:    54       54      H        5.5975   -1.5573    2.2164
  QMMM:    55       55      H       -5.1090   -2.4584   -2.2154

           --------- Calculation Completed ----------

